......................................................................................................
......................................................................................................
MMOOOOOOOOOOOOOOOOOOOOOOOOOOOOOOOOOONNNNKKKKKKMMMMMMKKLLLLLLLLJJJJJJJJJJJJJJJJJJJJHHHHHHIIJJJJIIMMMMMM
MMOOOOOOOOOOOOOOOOOOOOOOOOOOOOOOOOOONNNNKKKKMMMMMMMMKKLLLLLLLLJJJJJJJJJJJJJJJJJJJJHHHHHHIIJJJJIIMMMMMM
MMOONNNNLLLLLLLLLLLLKKKKKMMMMMMOOOOOONNNJJJMMMMMMMMMLLLLMMMMMMMMMMMLLLKJJJHIIIIFFFGGGDDEEIJJJJIIMMMMMM
KKKKKJJJJHHHHHHHHHHHHHGGIIIIIILLOOOOONNNJJJMMMMMMMKLLLLLMNNNNNOOOMMLLLKHHHGGGG....................KKKK
KKKKK..FFFDEEEDDDDDDDGGEEE..HHHLLLLMMMMMJJJJLLLLLKKLLLLLLNNOOOOOOMLLLHHHEDD......................GGKKK
LLLK...BBBBBCCCCCCCCCCCCBBB...HHHHLLLLIIIIHHHHHHHHJJJJHHLLLOOOOOMLJIHHDDDBB......................HHKLL
LLLKHHDCCCCCCCCCC..BBBBBBBB.....HHHHHHHHEEEEDDDDDFHHHGGIKLLOOOOLLIHFEDDBBB......................HHHLLL
LLLLHHFDCCCCCCC..BBBBBBBB........DDDDD.....BBBBBBDDDEEHIKKKMMMMLJIHEBBBBB......CCEEE...........EHHLLLL
LLLLKGFDCCCCCCC..BBBB......................BBBBBBBBBDDHHHHIKKKKIIFE............CDEEEDB.........EIILLLL
LLLLKHDD.CCCCBBB.BB..........................BBB.BBBBDDDDEGGGHHHE...............DDDDDB........DEIIKLLL
LLKKHHD...BBBBBB...................................BBBB...........................DDD.........HHHIJLLL
LLKGG.......BB.....................................................................BCC......HHHHHIJLLL
LLID................................................BB........................BB...CDD....HHHHHHHHILLL
LII................................................BBBB.......................BBB..CHHH...IJJHHHHHHLLI
HE................................................CCCBB....................BBBBBBBBCILL..HLLJHHHHHHHHE
EB.............................................GGGGGGCCC...................BBBBBBBBCLLLKGKLLJJJJHHHFEB
BB.......................................BBB...KKKKKKGCC....LL.............BBBB.....LLLKKKLLKLLJHHH.BB
BBB.....................................CCCC..LLKMMMKGG...LLLLKG............BBB.....HLLNNNNKMMLJGHH.BB
BBB.....................................CDDD.HLLNNMMMKHHHHLLOOKK.............BB.....HHKNNNNLMNNJJFE.BB
.........................................GGG.LLLNNMMMKJLLLLPPOKK.....................GKLNNNNNOOKKG....
.........................................GGGHLPPPPNNKKNNLPPPPOOMI.....................HLNNPPNOOOKIF...
.........................................GHHHLPPPRRROOOPPPQQQPPPMK....................HJLMPPOOPPMJGG..
G.......................................GKKKLLPSSSSSSSSSRRRRRQQPMKG...................FHIMPPOMPPPKKGG.
G.......................................GKKKOPPSSSSSSSSSSSRRRQQOMMG.................DDDHLMPPNMPPPOKKG.
.........................................GKOOSSRSSSSSSSSSSSRRQQPNM................HHHHHHPPPOMLOPPOKK..
..EE..................................HH.KKOOSSSSSSSSSSSSSSRRQQPOM...............HHLLLLLPQQOLLNOOOK...
.FFEDFF.............................GGHHGKOOOSSSRSSSSSSSSSRRRRRPPMI..............HLLNPPPPQQMKLNOOKK..F
EFFEFJJ.............................GGHHGKOQQQQRRRSSSSSSSSSSSRRRQMM.............HLLPPRRRRQQKJJNOOKGGEF
EFFEFJJFF...........................FFF.KKOQQQRRRRQRSSSSSSSSSSRRQMM.............ILPPRSSRRPOMMMNOOKIGEF
....FJJGGG........................BB....OOOQQQSSQQOPSSSSSSSSSSRRQML............GKMQQRSSQQPNMNPQQOMIG..
.....FGGGG........................BDDGGKOSSSPSSSSQQRSSSSSSSSSSRRQPLH...........GKQQQRSSQPOMNNQQQOMI...
..................................BDDHKKOSSSQSSSSRRRSSSRRSSSSSQQQPPLH..........GKRRQRSSQPNOOOQQQOK....
...................................DHHLOOSSSSSSSSRRQRSSRRSSSSRRQQQPLL......BB..GNRRRSSSQOOPPPQQOOK....
..................................DDHLLOOQSSSSSSSSSRQQQRRSSSRRRQQQQPL.....BEECFJNRSSSSRQOPRRRRQOKG....
..................................HHHLPPMQSSSSSSSSSSQONRRRSSRRRQQQQPLHH...EEECFJNOSSSSRQOQRRRRQMK.....
.................................HHILLPPMQRRRRSSSSSSRQPQQRSSRRRRRQQPPLH...EEEEFJKOSSSSRPOQSSRRQMI.....
..................KKH...........HHHLMPPPNQRRRRSSRRPRRQQOOQRSSSRRRQPPPLL...CCEFFGKOPSSSRPORSSRRQMI.....
..................LLH...........HHLLPQQQPPRRQQRRRNPRRQQQQNRSSSSSRRPPPON...BBDGGGKLLPPRRPORSSRRQM......
.................ILLK...GII.....HLLNPQRRPORRRRRROPPPPOQSSORSSSSSRRPPPONJ....EGGHHHHLPRRPPRSSRPOMI.....
................JMMLL..HKKI.....HLLNPPRRQNQQRRRRPQQOQQQSSQRSSSSRRRQPPOONN...EEFHLLLIORRPPRRRRRNMI.....
................MNOOL..KLLI.....HLLLLORRQNRSSRRRRQRRRRRSSSSSSSRRRRQPPPONNKJ...FJLLLKOQQOORRSSRNM......
.............EHIMPPPL..KLLHEE...IKKHKORRPPRSSRRRRRRRRRRSSSSSSRRRRRQQQPPONNNN..FJLLLKNPPPOQRSSSRM......
.............EHIMPPPLH.KLLLIGC..IIGGKOQQPPRSSRQQRSSRRRRRRSSSSRRRRRQQQPPONOOOK.FJJHHJLPPPPPRSSSRM......
...............LOPPPLHHGKLLKGC.EIIFHKOQQPOOOQQQPQSSSSRQQQRRRRRRRRRQQQPOONOOOLH.....HLLOOPPPRRRRP......
..............HLOPPPOLHGKLLKGC.EFFHHLOOONMKOQQQOPSSSSSRQPRRRRRRQQQQPPPPOOOOOLHH.....HKKMPPPPQRRPM.....
..............ILPPOOOLKKKKKJG.BEE.HLLPPPNOOOPPQQPSSRSSRQORRRRRRQQQQPPPPOOOOOLLL......GIMNNOOOPPOMM....
HH............ILPPOONKKOOOKGF.BBB.LLLPPPNPPPOPQQQRRRSSSROQRRRQQQQQQQPPPOOOOMKLL........JJNPPOPPOOMLHHH
LNNJ..........JLPPPNNKOQQOKJ..BB..LLLLPPNPPPMNQQQQRRRSSRRQQRRQQQQQQQPPPONNMKKLL........FJNPPNPPPPOLLLN
OONJ.........FJPPPPOOLOQQONM......HHHLLNNOPPLMPQQPRRRSSRROQQQQQQQQQQPPPOONNKKKH........FJMPPOOPPPOPPOO
QQNJ........FJMPPPOOOOPQQOOMI......JJHJKKMMMLLOQQQQRRSSRRQQQQQQQQQQQQQPPOOONKKH.........IMMMPPPPOOPQQQ
QQNK........JJMMMMOOOOQQQPPMI......KKGGGIIIKKKNPPQRSSRRRRRRQQQQQQQQQQQPPOOOONLH...........IMPRRRQOPQQQ
QQOOK.......MNNMIMOOONQRRPPMLH...FGKKKG..GHHJJMOOQRSSSQRRRRRQQQQQQQQQQPOOOPPOLJ............MNRRRQOPQQQ
QPOOK.......OOOMLMNNMNQRRQQPLL..CGJKKKGC..GIJJLNQQRSSSQQRRRRQQQQQQQQQPPNPPPPPNN............JNRRRQOPQQP
QPLKG.......OOOMLLKKKNNRRRRPLLJ.GGJKKGGC..GIIHLPQQQRRQQPRRRRROQQQQQPPPONPPPPPPO............JNRRRPMPQQP
QPLHD.......LNNMLKJKNQRRRRRQPNNKKKIGGGCCFHHILLNPQQOPPPPOQRRRRPOQQPPPPNOPPPPPPPO............KNRRRPNPQQP
QPLH........HLLLLKGKORRRRRQRRRROKKIECCCBFJLLLNNNNMMOPPPOQRRRRPPPPPPPONOPPPPPPPOK..........GKORRRPOPQQP
QPLH........KKHLLKKNORRRQPQRRRRQOKIEB....JLLLNNMMMLMOORRQRRNNPPPPPPOONOPPPPPPOOK..........KKORRROOPQQP
RPLL.......KKK.LLKNNPRRRQMQSSSRQOKG......HJKNNNKKKKKKORRRRQNJNNPPPPOONOPPOPPPOKKG.........KLORRROOPRRP
ROLLJ......KKK.NNKNNPRRRQORSSSQOOKG.......GGNNNKKKGIKORRRRQNNKNPPPPOONOPPPPQQOKKG.........HLPRRQOOPRRO
ROOKJ......KK.JNNNNNPQRRQORSSSQMKG........EIKKJKKKKIKORRRQQOONNNPPPOONOPPPPQQQOKK.........ILPSSQONQRRO
RROKG.....HLL.NNOOMMPQRRQPRSSRQMI..........IIHHKLNNKKORRQQQQQPNOPPPOONOPPPPQQQOOO.........KMPSSRPNQRRR
RROKK.....HLL.NOPPONPQRRQQRSSRQMI..........IJJJHLNNLLSSRQQQQQPPOOOOOONOPPPPPPPPPP........GKOQSSRPPRRRR
RRONL.....HLL.NORRQPOOPQQQRSSQQMI..........JJJKKLNNLPSSSRRQQPPPPOONNNNOOPPOPPOPPP.......HKKORSSROPRRRR
RRNNM.....HLMMKORRQPONPPPNQQQQQMI..........JKKKMMMLLPSSSRRRQOPPPPOONNMNNNNOOOPPPP.......HLOORRRQOPPQRR
RRQQM.....HLMMMQRRPPPOPPPNOOQQQMI..........IKKKMMNNNPSSSRRRQQOPQQPOOONNOOOOOOPPPP.......JLOOPRRPONOQRR
QPQQM.....LLMMNQQPQQQOOPPMLLNPPMI..........KKKJLLNNNRSSSSSRRRQQQQPPOONNOOOOOOPPPP.......JNNLOQQPPNOQQP
QOQQM....HLNNKNQQQQQQONOOLLLLPPMK..........KLLILLNNPRSSSSSSRRRRQQPPOONNOOOOOOPPPP......FJNNMOQQPPNOQQO
OPQQMMI.HLLNNJNPPQQQQONOOOOPPPPLK...HH.....JMMIJJLNPRSSSSSSSRRRQQPPPONNOOOOOPPPPP......JJNQQOPPOONOOOP
QRRQQMIHLLPPNNNOPRRQQONOOPPQQQQPHLLLLHH...FJMMIIIHLOORSSSSSSRRRQQPPPOONOOOOPPPPPP....FJJNNQQPPPPOOOOQR
RRRRQMLLOPPPNNNMPRRQQQNMOPPQQQQPLPPPPLLH..JJNNIIIGKKQRRRSSSSSRRRRQQPOONOOOOPPPPPO....FJJNRRRQQPPNOOPRR
RRRRQPPPOPPPOMMPQRRQQQMNOOOPQQQPPQRRPPLLH.NNNNKGGEGMQQQRRRSSSSRRRRQQPNOOPPOOOPPPO....JJJNRRRQQQPNNOPRR
RRRRQRRPPPPPOMNPQRRQQPMNNNOOQQQQQQRRRRPLK.NPPOKJI.IMMQQRRRRSSSSRRRQQPNOOPPONOOONN...HLNNNRRRQQQPNNPPRR
NNQQQRRORRPOMMNNQRRQOOMMMMNNOPPQQQRRRRPOK.LPQQNMI.IIIMPRRRRSSSSRRRQQPNNOPPPPPOON...DHLPPRRRRQQQPNOPPNN
PQQQQRRRRRPLLKMNQQOOKMNNNNNNOPPQQQQRRRQOOHLPQQPM.GGGKLRRRRRRSSSRRRQPPNNOPQQQPOOM...DHLPPRRRRRRRPNOPPPQ
PQQQQQQRRROLIJJJNNKKJLNOOONNNOOPQQQQRRQPPLLPQQP.GHIIKPRRRRRRRRRRRQPOONNOPQQQPPOM...DHLPPPRRRRRRPOOOOPQ
PPPPQQQRRPOMMNNMOOKGHLNOOOONNNNOPPPQQQPPPLLPQQPHGHIMOQRRRRRRRRRRQQPONNNOPQQQQPPN...DHLLPPQQRRRQPONOOPP
OOOPPQQRRQPPOOPPPOKGHLNOPPPOONNNNPPPPPOOOOOQQQLHEHJMORRRRRRRQQQQQQPOMNOOPQQQQPPN..DDHHLMMMQQQQQPPNNMOO
NNOOOOOQQRRPOOQQQOOKJHJOPPPOOOOOOOQQOONNOPPQQPLHELLNQRRRRRQQPQQQQQPOMOOPPQQRRPPL..DDGHLMMMNNQQQPPOOLNN
LNNNNNOPPSSOLOQQQQONLHGKOQQPPPPOPPQQPPONNPPQQPLIILPPRRRRQQQQPPOOOOOONOPPQQQRRPLLH.DDGKLLLJJNPPPPPPOMLN
LLLPPPQQQSSOPPQQQQONLKKKOQQQPPPPQQQRRQPONOPPPPMKKLRRRRRRQQPPOOMOOONNOOPQQQQRRPLLLHHHHKNNNNLNPPPPPPPNLL
PPPRRQRRSSSSSRSSQRRPLKKKNQQQQQQQQQRRRQQPONOOOONNOPRRRRRQQPONMNOOOPQQOQQQQQQRRPPLLLLLLLOOOONNNMPPPPPOPP
RRSSSSRSSSSSSSSSSRRPNJIJNQQQQQQQQQRRRQQQOONNOOPPQQRRRQQQQONMNOOPPQQQRRRRRQQRRRPPPPLLLLOOOONNNMPPPPRRRR
SSSSSSRSSSSSSSSSSRRPNNMLNQQQPPQQQQQQQQQQPPONNOPPQQQQQPPPONMNPPPPQQRRRRRRRRRRRRRPPPLLLLLKKLMMMNOOOQSSSS
SSSRSSRRRRRRRRRRRPPPNNMLLNOOONOOOOPQQQQQPPOOLLMMMPPPPOONNNNOPPQQQQRRRRRRRRRRRRRONNLLHHKMMMPQQQRRRRSSSS
RQQRRRRRRRPPQQQOOLPPLMMLLLKKKJKKKKMMMMMMOOOOLMMMMNNNNMMNNOOPPQQQRRRRRRRRRRRRQQOOKLLH..IMPPQRRRRRRRRRRQ
PPOOOOPPPPLPPMM..LLLLLKLLJJGG.GGGGIIIIIJKKKKLMMMNNNMMNOPPPQQQQQQRRRRRRRRQQQPPPOOKJJ.EIIMPPQRRRRRRRRPPP
NNOOLLLLLLHLL.......HHH..................HHHHLLLNNOOOOPPPPQQQQQQQQPPOQQNQQQMPPLKKG..EIILPPQQQQPPPPPLNN
JLLLHLLLHHH.................................HIIKKKOOOOPPPQQQQQQOPPPNKNNJMMMMLLLHHG..EHHLPPPPPPPPLLLJJL
...............................................GGKKJLLPPPQQQPPOOOLLKKKKJJJIIIHHH....DHHLLLLLMMMMLLH...
.................................................FFHLLPPOOPPOOKKKKHHGGGFF..EEE.......HHHHHLLLLLII.....
...............................................EEEFHLLLKKLLLKKG.....................DDDDHHHHHHH.......
...............................................EEEEHHHGGHHH.........................DDDDDDDD..........
...............................................BBCCCCCCCC.............................................
...............................................BBBBBBBB...............................................
................................................BBBBBBB...............................................
......................................................................................................
......................................................................................................
......................................................................................................
......................................................................................................
......................................................................................................
A =    25.00 m
B =    88.00 m
C =   177.00 m
D =   292.00 m
E =   433.00 m
F =   600.00 m
G =   793.00 m
H =  1012.00 m
I =  1257.00 m
J =  1528.00 m
K =  1825.00 m
L =  2148.00 m
M =  2497.00 m
N =  2872.00 m
O =  3273.00 m
P =  3700.00 m
Q =  4153.00 m
R =  4632.00 m
S =  5137.00 m
